// Jest Snapshot v1, https://goo.gl/fbAQLP

exports[`Should render App component should snapshot Navbar 1`] = `
<div
  className="App"
>
  <Provider
    store={
      Object {
        "dispatch": [Function],
        "getState": [Function],
        "replaceReducer": [Function],
        "subscribe": [Function],
        Symbol(observable): [Function],
      }
    }
  >
    <Navbar />
    <WithStyles(ForwardRef(Grid))
      container={true}
    />
  </Provider>
</div>
`;
